
user@user-PC MINGW32 ~/Desktop/project (master)
$ ls

user@user-PC MINGW32 ~/Desktop/project (master)
$ touch index.html about.html

user@user-PC MINGW32 ~/Desktop/project (master)
$ ls
about.html  index.html

user@user-PC MINGW32 ~/Desktop/project (master)
$ touch contact.html assets/
touch: setting times of 'assets/': No such file or directory

user@user-PC MINGW32 ~/Desktop/project (master)
$ touch contact.html

user@user-PC MINGW32 ~/Desktop/project (master)
$ mkdir assets

user@user-PC MINGW32 ~/Desktop/project (master)
$ ls
about.html  assets/  contact.html  index.html
------------
user@user-PC MINGW32 ~/Desktop/project (master)
$ git status
On branch master
Untracked files:
  (use "git add <file>..." to include in what will be committed)
        about.html
        contact.html

nothing added to commit but untracked files present (use "git add" to track)

user@user-PC MINGW32 ~/Desktop/project (master)
$ git status -s
?? about.html
?? contact.html

user@user-PC MINGW32 ~/Desktop/project (master)
$

-----
user@user-PC MINGW32 ~/Desktop/project (master)
$ git status
On branch master
Changes to be committed:
  (use "git restore --staged <file>..." to unstage)
        new file:   about.html

Untracked files:
  (use "git add <file>..." to include in what will be committed)
        contact.html


user@user-PC MINGW32 ~/Desktop/project (master)
$ git status -s
A  about.html
?? contact.html
-------------

user@user-PC MINGW32 ~/Desktop/project (master)
$ git status -s
AM about.html
?? contact.html

user@user-PC MINGW32 ~/Desktop/project (master)
$ git rm --cached about.html
error: the following file has staged content different from both the
file and the HEAD:
    about.html
(use -f to force removal)

user@user-PC MINGW32 ~/Desktop/project (master)
$ git rm --cached about.html  -f
rm 'about.html'

user@user-PC MINGW32 ~/Desktop/project (master)
$ git status
On branch master
Untracked files:
  (use "git add <file>..." to include in what will be committed)
        about.html
        contact.html

nothing added to commit but untracked files present (use "git add" to track)

user@user-PC MINGW32 ~/Desktop/project (master)
$ git status -s
?? about.html
?? contact.html

user@user-PC MINGW32 ~/Desktop/project (master)
$ git add --all

user@user-PC MINGW32 ~/Desktop/project (master)
$ git status
On branch master
Changes to be committed:
  (use "git restore --staged <file>..." to unstage)
        new file:   about.html
        new file:   contact.html


user@user-PC MINGW32 ~/Desktop/project (master)
$ git status -s
A  about.html
A  contact.html
--------
A  contact.html

user@user-PC MINGW32 ~/Desktop/project (master)
$ git status
On branch master
Changes to be committed:
  (use "git restore --staged <file>..." to unstage)
        new file:   about.html
        new file:   contact.html

Changes not staged for commit:
  (use "git add <file>..." to update what will be committed)
  (use "git restore <file>..." to discard changes in working directory)
        modified:   about.html
        modified:   contact.html


user@user-PC MINGW32 ~/Desktop/project (master)
$ git status -s
AM about.html
AM contact.html

user@user-PC MINGW32 ~/Desktop/project (master)
$ git rm --cached about.html contact.html
error: the following files have staged content different from both the
file and the HEAD:
    about.html
    contact.html
(use -f to force removal)

user@user-PC MINGW32 ~/Desktop/project (master)
$ git rm --cached about.html contact.html -f
rm 'about.html'
rm 'contact.html'

user@user-PC MINGW32 ~/Desktop/project (master)
$ git status
On branch master
Untracked files:
  (use "git add <file>..." to include in what will be committed)
        about.html
        contact.html

nothing added to commit but untracked files present (use "git add" to track)

user@user-PC MINGW32 ~/Desktop/project (master)
$ git status -s
?? about.html
?? contact.html
----
user@user-PC MINGW32 ~/Desktop/project (master)
$ git add .

user@user-PC MINGW32 ~/Desktop/project (master)
$ git status
On branch master
Changes to be committed:
  (use "git restore --staged <file>..." to unstage)
        new file:   about.html
        new file:   contact.html


user@user-PC MINGW32 ~/Desktop/project (master)
$ git status -s
A  about.html
A  contact.html
